j@jl1:~$ cd Dropbox/git/
j@jl1:~/Dropbox/git$ git clone https://github.com/alexandermatsson/kickstarter.git
fatal: destination path 'kickstarter' already exists and is not an empty directory.
j@jl1:~/Dropbox/git$ ls
datascience  ferr  kickstarter
j@jl1:~/Dropbox/git$ git clone https://github.com/alexandermatsson/kickstarter.git
Cloning into 'kickstarter'...
remote: Counting objects: 6, done.
remote: Compressing objects: 100% (4/4), done.
remote: Total 6 (delta 0), reused 3 (delta 0), pack-reused 0
Unpacking objects: 100% (6/6), done.
Checking connectivity... done.
j@jl1:~/Dropbox/git$ git status
fatal: Not a git repository (or any parent up to mount point /home/j)
Stopping at filesystem boundary (GIT_DISCOVERY_ACROSS_FILESYSTEM not set).
j@jl1:~/Dropbox/git$ cd kickstarter/
j@jl1:~/Dropbox/git/kickstarter$ git status
On branch master
Your branch is up-to-date with 'origin/master'.
Untracked files:
  (use "git add <file>..." to include in what will be committed)

	TODO

nothing added to commit but untracked files present (use "git add" to track)
j@jl1:~/Dropbox/git/kickstarter$ git status
On branch master
Your branch is up-to-date with 'origin/master'.
Changes not staged for commit:
  (use "git add <file>..." to update what will be committed)
  (use "git checkout -- <file>..." to discard changes in working directory)

	modified:   kickstarter.ipynb

Untracked files:
  (use "git add <file>..." to include in what will be committed)

	.ipynb_checkpoints/
	TODO
	kickstarter_20180219_2110.html

no changes added to commit (use "git add" and/or "git commit -a")
j@jl1:~/Dropbox/git/kickstarter$ git add kickstarter.ipynb
j@jl1:~/Dropbox/git/kickstarter$ git add TODO.txt
fatal: pathspec 'TODO.txt' did not match any files
j@jl1:~/Dropbox/git/kickstarter$ git add TODO
j@jl1:~/Dropbox/git/kickstarter$ git add kickstarter_20180219_2110.html
j@jl1:~/Dropbox/git/kickstarter$ git status
On branch master
Your branch is up-to-date with 'origin/master'.
Changes to be committed:
  (use "git reset HEAD <file>..." to unstage)

	new file:   TODO
	modified:   kickstarter.ipynb
	new file:   kickstarter_20180219_2110.html

Untracked files:
  (use "git add <file>..." to include in what will be committed)

	.ipynb_checkpoints/

j@jl1:~/Dropbox/git/kickstarter$ git add .ipynb_checkpoints/
j@jl1:~/Dropbox/git/kickstarter$ git status
On branch master
Your branch is up-to-date with 'origin/master'.
Changes to be committed:
  (use "git reset HEAD <file>..." to unstage)

	new file:   .ipynb_checkpoints/kickstarter-checkpoint.ipynb
	new file:   TODO
	modified:   kickstarter.ipynb
	new file:   kickstarter_20180219_2110.html

j@jl1:~/Dropbox/git/kickstarter$ git commit -m "clean data further. add eda. regress y on 1 x var. all unknown vars are shitty."
[master 437b717] clean data further. add eda. regress y on 1 x var. all unknown vars are shitty.
 4 files changed, 30047 insertions(+), 282 deletions(-)
 create mode 100644 .ipynb_checkpoints/kickstarter-checkpoint.ipynb
 create mode 100644 TODO
 create mode 100644 kickstarter_20180219_2110.html
j@jl1:~/Dropbox/git/kickstarter$ git push origin master
Username for 'https://github.com': jacolind
Password for 'https://jacolind@github.com':
Counting objects: 7, done.
Delta compression using up to 4 threads.
Compressing objects: 100% (6/6), done.
Writing objects: 100% (7/7), 783.88 KiB | 0 bytes/s, done.
Total 7 (delta 2), reused 0 (delta 0)
remote: Resolving deltas: 100% (2/2), done.
To https://github.com/alexandermatsson/kickstarter.git
   f4515c2..437b717  master -> master
j@jl1:~/Dropbox/git/kickstarter$
